// Jest Snapshot v1, https://jestjs.io/docs/snapshot-testing

exports[`loads existing fragments as expected 1`] = `
Map {
  "build" => DocumentationFragment {
    "descriptionMarkdown": "Build the TypeScript sources.",
    "filename": ".build.md",
  },
  "docs:build" => DocumentationFragment {
    "descriptionMarkdown": "Build the documentation website locally.",
    "filename": ".docs$$build.md",
  },
  "docs:scripts" => DocumentationFragment {
    "descriptionMarkdown": "Rebuilds the \`node-scripts-docs\` documentation for this project itself.",
    "filename": ".docs$$scripts.md",
  },
  "docs:serve" => DocumentationFragment {
    "descriptionMarkdown": "Runs the mkdocs-material development server.",
    "filename": ".docs$$serve.md",
  },
  "npm:publish:patch" => DocumentationFragment {
    "descriptionMarkdown": "_documentation pending_",
    "filename": ".npm$$publish$$patch.md",
  },
  "npm:publish" => DocumentationFragment {
    "descriptionMarkdown": "Build the latest sources and then \`npm publish\` the current state.",
    "filename": ".npm$$publish.md",
  },
  "nsd-debug" => DocumentationFragment {
    "descriptionMarkdown": "Build the latest sources and then use the build output to execute your command. Parameters are passed through by \`yarn\`.",
    "filename": ".nsd-debug.md",
  },
  "test:coverage" => DocumentationFragment {
    "descriptionMarkdown": "_documentation pending_",
    "filename": ".test$$coverage.md",
  },
}
`;
